\BOOKMARK [1][-]{section.1}{\376\377\000C\000\363\000m\000o\000\040\000l\000e\000e\000r\000\040\000e\000s\000t\000a\000\040\000g\000u\000\355\000a}{}% 1
\BOOKMARK [1][-]{section.2}{\376\377\000L\000a\000s\000\040\000b\000a\000s\000e\000s\000\040\000q\000u\000e\000\040\000n\000e\000c\000e\000s\000i\000t\000a\000s}{}% 2
\BOOKMARK [2][-]{subsection.2.1}{\376\377\000E\000l\000\040\000p\000r\000o\000b\000l\000e\000m\000a\000\040\000d\000e\000l\000\040\000v\000i\000a\000j\000a\000n\000t\000e\000\040\000\050\000T\000S\000P\000\051}{section.2}% 3
\BOOKMARK [2][-]{subsection.2.2}{\376\377\000\277\000P\000o\000r\000\040\000q\000u\000\351\000\040\000n\000o\000\040\000p\000r\000o\000b\000a\000m\000o\000s\000\040\000t\000o\000d\000a\000s\000\040\000l\000a\000s\000\040\000r\000u\000t\000a\000s\000?}{section.2}% 4
\BOOKMARK [2][-]{subsection.2.3}{\376\377\000H\000e\000u\000r\000\355\000s\000t\000i\000c\000a\000,\000\040\000m\000e\000t\000a\000h\000e\000u\000r\000\355\000s\000t\000i\000c\000a\000\040\000y\000\040\000a\000l\000g\000o\000r\000i\000t\000m\000o\000\040\000e\000x\000a\000c\000t\000o}{section.2}% 5
\BOOKMARK [2][-]{subsection.2.4}{\376\377\000E\000x\000p\000l\000o\000r\000a\000c\000i\000\363\000n\000\040\000y\000\040\000e\000x\000p\000l\000o\000t\000a\000c\000i\000\363\000n}{section.2}% 6
\BOOKMARK [2][-]{subsection.2.5}{\376\377\000P\000a\000i\000s\000a\000j\000e\000\040\000d\000e\000\040\000b\000\372\000s\000q\000u\000e\000d\000a\000,\000\040\000\363\000p\000t\000i\000m\000o\000s\000\040\000l\000o\000c\000a\000l\000e\000s\000\040\000y\000\040\000v\000e\000c\000i\000n\000d\000a\000d}{section.2}% 7
\BOOKMARK [2][-]{subsection.2.6}{\376\377\000E\000l\000\040\000m\000o\000v\000i\000m\000i\000e\000n\000t\000o\000\040\0002\000-\000o\000p\000t\000\040\000\050\000l\000a\000\040\000v\000e\000c\000i\000n\000d\000a\000d\000\040\000d\000e\000\040\000H\000C\000\040\000y\000\040\000S\000A\000\051}{section.2}% 8
\BOOKMARK [2][-]{subsection.2.7}{\376\377\000A\000l\000g\000o\000r\000i\000t\000m\000o\000s\000\040\000e\000s\000t\000o\000c\000\341\000s\000t\000i\000c\000o\000s\000\040\000y\000\040\000s\000e\000m\000i\000l\000l\000a\000s}{section.2}% 9
\BOOKMARK [1][-]{section.3}{\376\377\000L\000o\000s\000\040\000c\000i\000n\000c\000o\000\040\000a\000l\000g\000o\000r\000i\000t\000m\000o\000s}{}% 10
\BOOKMARK [2][-]{subsection.3.1}{\376\377\000A\000s\000c\000e\000n\000s\000o\000\040\000d\000e\000\040\000c\000o\000l\000i\000n\000a\000s\000\040\000\050\000H\000C\000\051}{section.3}% 11
\BOOKMARK [2][-]{subsection.3.2}{\376\377\000T\000e\000m\000p\000l\000e\000\040\000s\000i\000m\000u\000l\000a\000d\000o\000\040\000\050\000S\000A\000\051}{section.3}% 12
\BOOKMARK [2][-]{subsection.3.3}{\376\377\000A\000l\000g\000o\000r\000i\000t\000m\000o\000\040\000g\000e\000n\000\351\000t\000i\000c\000o\000\040\000\050\000G\000A\000\051}{section.3}% 13
\BOOKMARK [2][-]{subsection.3.4}{\376\377\000C\000o\000l\000o\000n\000i\000a\000\040\000d\000e\000\040\000h\000o\000r\000m\000i\000g\000a\000s\000\040\000\050\000A\000C\000O\000\051}{section.3}% 14
\BOOKMARK [2][-]{subsection.3.5}{\376\377\000E\000n\000j\000a\000m\000b\000r\000e\000\040\000d\000e\000\040\000p\000a\000r\000t\000\355\000c\000u\000l\000a\000s\000\040\000\050\000P\000S\000O\000\051\000\040\000c\000o\000n\000\040\000c\000l\000a\000v\000e\000s\000\040\000a\000l\000e\000a\000t\000o\000r\000i\000a\000s}{section.3}% 15
\BOOKMARK [2][-]{subsection.3.6}{\376\377\000R\000e\000s\000u\000m\000e\000n\000\040\000d\000e\000\040\000l\000o\000s\000\040\000c\000i\000n\000c\000o}{section.3}% 16
\BOOKMARK [1][-]{section.4}{\376\377\000P\000u\000n\000t\000o\000\040\0001\000:\000\040\000d\000i\000s\000e\000\361\000o\000\040\000e\000\040\000i\000m\000p\000l\000e\000m\000e\000n\000t\000a\000c\000i\000\363\000n}{}% 17
\BOOKMARK [2][-]{subsection.4.1}{\376\377\000L\000a\000\040\000i\000n\000t\000e\000r\000f\000a\000z\000\040\000c\000o\000m\000\372\000n}{section.4}% 18
\BOOKMARK [2][-]{subsection.4.2}{\376\377\000E\000l\000\040\000E\000v\000a\000l\000u\000a\000d\000o\000r\000:\000\040\000l\000a\000\040\000p\000i\000e\000z\000a\000\040\000m\000\341\000s\000\040\000i\000m\000p\000o\000r\000t\000a\000n\000t\000e}{section.4}% 19
\BOOKMARK [2][-]{subsection.4.3}{\376\377\000P\000r\000u\000e\000b\000a\000s\000\040\000a\000u\000t\000o\000m\000\341\000t\000i\000c\000a\000s}{section.4}% 20
\BOOKMARK [1][-]{section.5}{\376\377\000P\000u\000n\000t\000o\000\040\0002\000:\000\040\000d\000i\000s\000e\000\361\000o\000\040\000e\000x\000p\000e\000r\000i\000m\000e\000n\000t\000a\000l\000\040\000y\000\040\000r\000e\000p\000r\000o\000d\000u\000c\000i\000b\000i\000l\000i\000d\000a\000d}{}% 21
\BOOKMARK [2][-]{subsection.5.1}{\376\377\000\277\000P\000o\000r\000\040\000q\000u\000\351\000\040\000c\000o\000n\000t\000a\000r\000\040\000e\000v\000a\000l\000u\000a\000c\000i\000o\000n\000e\000s\000\040\000y\000\040\000n\000o\000\040\000i\000t\000e\000r\000a\000c\000i\000o\000n\000e\000s\000?}{section.5}% 22
\BOOKMARK [2][-]{subsection.5.2}{\376\377\000P\000r\000o\000t\000o\000c\000o\000l\000o\000\040\000i\000m\000p\000l\000e\000m\000e\000n\000t\000a\000d\000o}{section.5}% 23
\BOOKMARK [2][-]{subsection.5.3}{\376\377\000A\000r\000c\000h\000i\000v\000o\000s\000\040\000d\000e\000\040\000s\000a\000l\000i\000d\000a\000\040\000y\000\040\000c\000o\000n\000f\000i\000g\000u\000r\000a\000c\000i\000\363\000n\000\040\000c\000e\000n\000t\000r\000a\000l\000i\000z\000a\000d\000a}{section.5}% 24
\BOOKMARK [1][-]{section.6}{\376\377\000P\000u\000n\000t\000o\000\040\0003\000:\000\040\000e\000f\000i\000c\000i\000e\000n\000c\000i\000a\000\040\000c\000o\000m\000p\000u\000t\000a\000c\000i\000o\000n\000a\000l\000\040\000y\000\040\000e\000s\000c\000a\000l\000a\000b\000i\000l\000i\000d\000a\000d}{}% 25
\BOOKMARK [2][-]{subsection.6.1}{\376\377\000L\000e\000c\000t\000u\000r\000a\000\040\000d\000e\000\040\000l\000o\000s\000\040\000r\000e\000s\000u\000l\000t\000a\000d\000o\000s}{section.6}% 26
\BOOKMARK [2][-]{subsection.6.2}{\376\377\000\277\000C\000u\000\341\000l\000\040\000e\000s\000c\000a\000l\000a\000\040\000m\000e\000j\000o\000r\000?\000\040\000\050\000i\000n\000c\000i\000s\000o\000\040\000d\000\051}{section.6}% 27
\BOOKMARK [1][-]{section.7}{\376\377\000P\000u\000n\000t\000o\000\040\0004\000:\000\040\000r\000e\000n\000d\000i\000m\000i\000e\000n\000t\000o\000,\000\040\000c\000o\000n\000v\000e\000r\000g\000e\000n\000c\000i\000a\000\040\000y\000\040\000e\000s\000t\000a\000b\000i\000l\000i\000d\000a\000d}{}% 28
\BOOKMARK [2][-]{subsection.7.1}{\376\377\000\050\000a\000\051\000\040\000C\000u\000r\000v\000a\000s\000\040\000d\000e\000\040\000c\000o\000n\000v\000e\000r\000g\000e\000n\000c\000i\000a\000\040\000p\000r\000o\000m\000e\000d\000i\000o\000\040\000c\000o\000n\000\040\000b\000a\000n\000d\000a\000\040\000d\000e\000\040\000v\000a\000r\000i\000a\000b\000i\000l\000i\000d\000a\000d}{section.7}% 29
\BOOKMARK [2][-]{subsection.7.2}{\376\377\000\050\000b\000\051\000\040\000D\000i\000a\000g\000r\000a\000m\000a\000s\000\040\000d\000e\000\040\000c\000a\000j\000a\000\040\000d\000e\000l\000\040\000e\000r\000r\000o\000r\000\040\000r\000e\000l\000a\000t\000i\000v\000o\000\040\000f\000i\000n\000a\000l}{section.7}% 30
\BOOKMARK [2][-]{subsection.7.3}{\376\377\000\050\000c\000\051\000\040\000T\000a\000b\000l\000a\000\040\000d\000e\000\040\000r\000e\000n\000d\000i\000m\000i\000e\000n\000t\000o}{section.7}% 31
\BOOKMARK [2][-]{subsection.7.4}{\376\377\000\050\000d\000\051\000\040\000R\000u\000t\000a\000s\000\040\000d\000e\000\040\000l\000o\000s\000\040\000c\000i\000n\000c\000o\000\040\000m\000\351\000t\000o\000d\000o\000s\000\040\000e\000n\000\040\000l\000a\000\040\000m\000i\000s\000m\000a\000\040\000i\000n\000s\000t\000a\000n\000c\000i\000a}{section.7}% 32
\BOOKMARK [2][-]{subsection.7.5}{\376\377\000\050\000e\000\051\000\040\000R\000a\000n\000k\000i\000n\000g\000\040\000p\000o\000r\000\040\000c\000a\000l\000i\000d\000a\000d\000,\000\040\000e\000s\000t\000a\000b\000i\000l\000i\000d\000a\000d\000\040\000y\000\040\000v\000e\000l\000o\000c\000i\000d\000a\000d\000\040\000d\000e\000\040\000c\000o\000n\000v\000e\000r\000g\000e\000n\000c\000i\000a}{section.7}% 33
\BOOKMARK [1][-]{section.8}{\376\377\000L\000a\000\040\000e\000s\000t\000a\000d\000\355\000s\000t\000i\000c\000a\000,\000\040\000e\000x\000p\000l\000i\000c\000a\000d\000a\000\040\000s\000i\000n\000\040\000m\000i\000e\000d\000o}{}% 34
\BOOKMARK [2][-]{subsection.8.1}{\376\377\000M\000e\000d\000i\000a\000,\000\040\000m\000e\000d\000i\000a\000n\000a\000,\000\040\000d\000e\000s\000v\000i\000a\000c\000i\000\363\000n\000\040\000y\000\040\000r\000a\000n\000g\000o\000\040\000i\000n\000t\000e\000r\000c\000u\000a\000r\000t\000\355\000l\000i\000c\000o}{section.8}% 35
\BOOKMARK [2][-]{subsection.8.2}{\376\377\000\277\000C\000\363\000m\000o\000\040\000s\000e\000\040\000l\000e\000e\000\040\000u\000n\000\040\000d\000i\000a\000g\000r\000a\000m\000a\000\040\000d\000e\000\040\000c\000a\000j\000a\000?}{section.8}% 36
\BOOKMARK [2][-]{subsection.8.3}{\376\377\000P\000r\000u\000e\000b\000a\000\040\000d\000e\000\040\000F\000r\000i\000e\000d\000m\000a\000n\000:\000\040\000\277\000h\000a\000y\000\040\000a\000l\000g\000u\000n\000a\000\040\000d\000i\000f\000e\000r\000e\000n\000c\000i\000a\000\040\000e\000n\000t\000r\000e\000\040\000l\000o\000s\000\040\000c\000i\000n\000c\000o\000?}{section.8}% 37
\BOOKMARK [2][-]{subsection.8.4}{\376\377\000P\000o\000s\000t\000\040\000h\000o\000c\000:\000\040\000\277\000q\000u\000i\000\351\000n\000\040\000e\000s\000\040\000d\000i\000f\000e\000r\000e\000n\000t\000e\000\040\000d\000e\000\040\000q\000u\000i\000\351\000n\000?}{section.8}% 38
\BOOKMARK [2][-]{subsection.8.5}{\376\377\000R\000e\000s\000u\000l\000t\000a\000d\000o\000s\000\040\000d\000e\000\040\000l\000a\000s\000\040\000p\000r\000u\000e\000b\000a\000s}{section.8}% 39
\BOOKMARK [1][-]{section.9}{\376\377\000P\000u\000n\000t\000o\000\040\0005\000:\000\040\000a\000n\000\341\000l\000i\000s\000i\000s\000\040\000c\000r\000\355\000t\000i\000c\000o\000\040\000y\000\040\000c\000o\000n\000c\000l\000u\000s\000i\000o\000n\000e\000s}{}% 40
\BOOKMARK [2][-]{subsection.9.1}{\376\377\000A\000m\000e\000n\000a\000z\000a\000\040\000a\000\040\000l\000a\000\040\000v\000a\000l\000i\000d\000e\000z\000\040\000y\000\040\000m\000e\000j\000o\000r\000a\000\040\000p\000r\000o\000p\000u\000e\000s\000t\000a}{section.9}% 41
\BOOKMARK [1][-]{section.10}{\376\377\000P\000r\000e\000g\000u\000n\000t\000a\000\040\000o\000p\000c\000i\000o\000n\000a\000l\000:\000\040\000a\000l\000g\000o\000r\000i\000t\000m\000o\000\040\000h\000\355\000b\000r\000i\000d\000o\000\040\000A\000C\000O\000\040\000+\000\040\0002\000-\000o\000p\000t}{}% 42
\BOOKMARK [1][-]{section.11}{\376\377\000C\000\363\000m\000o\000\040\000e\000j\000e\000c\000u\000t\000a\000r\000\040\000t\000o\000d\000o\000\040\000y\000\040\000q\000u\000\351\000\040\000e\000n\000t\000r\000e\000g\000a\000r}{}% 43
\BOOKMARK [1][-]{section*.18}{\376\377\000G\000l\000o\000s\000a\000r\000i\000o\000\040\000r\000\341\000p\000i\000d\000o}{}% 44
